{
 "cells": [
  {
   "cell_type": "markdown",
   "id": "c11e483a",
   "metadata": {},
   "source": [
    "## Eliminar un disco de volumen de grupo\n",
    "\n",
    "Lo que quiere decir es separar un volumen de grupo, lo que quiere decir que se va a separar un volumen de grupo y crear uno nuevo.\n",
    "\n",
    "Debemos estar en la máquina virtual con los 5 discos sin formato (si sus discos duros tienen formato, favor restaurar la instantánea apropiada)\n",
    "\n",
    "Logueados como el usuario **root**, nos aseguramos de que tengamos los discos sin formato\n",
    "\n",
    "`fdisk -l | grep sd`\n",
    "\n",
    "***\n",
    "```\n",
    "root@debian12lvm1:~# fdisk -l | grep sd\n",
    "Disco /dev/sde: 5 GiB, 5368709120 bytes, 10485760 sectores\n",
    "Disco /dev/sdf: 5 GiB, 5368709120 bytes, 10485760 sectores\n",
    "Disco /dev/sdd: 5 GiB, 5368709120 bytes, 10485760 sectores\n",
    "Disco /dev/sdc: 5 GiB, 5368709120 bytes, 10485760 sectores\n",
    "Disco /dev/sdb: 5 GiB, 5368709120 bytes, 10485760 sectores\n",
    "Disco /dev/sda: 10 GiB, 10737418240 bytes, 20971520 sectores\n",
    "/dev/sda1  *          2048 18970623 18968576     9G 83 Linux\n",
    "/dev/sda2         18972670 20969471  1996802   975M  5 Extendida\n",
    "/dev/sda5         18972672 20969471  1996800   975M 82 Linux swap / Solaris\n",
    "```\n",
    "***\n",
    "\n",
    "Ahora revisamos el script para asegurarse que se formatearan los 5 discos, pero agregaremos otra instrucción al script para crear un volúmen de grupo como se muestra a continuación\n",
    "\n",
    "`cp 123 1234`\n",
    "\n",
    "`nano 1234`\n",
    "\n",
    "y agregar lo siguiente\n",
    "\n",
    "```\n",
    "# crear un volumen de grupo\n",
    "vgcreate newvg /dev/sdb1 /dev/sdc1 /dev/sdd1\n",
    "\n",
    "lvcreate -n newlv newvg -l 100%FREE\n",
    "mkfs.ext4 /dev/newvg/newlv\n",
    "mount /dev/newvg/newlv /mnt\n",
    "\n",
    "dd if=/dev/urandom of=/mnt/5.txt bs=5M count=1024 status=progress\n",
    "dd if=/dev/urandom of=/mnt/4.txt bs=4M count=1024 status=progress\n",
    "dd if=/dev/urandom of=/mnt/1.txt bs=1M count=1024 status=progress\n",
    "```\n",
    "\n",
    "quedando el contenido del archivo de la siguiente forma\n",
    "\n",
    "**1234**\n",
    "\n",
    "***\n",
    "```\n",
    "#!/bin/bash\n",
    "#Estos comandos Establecen que van a ser discos msdos master boot record \n",
    "parted /dev/sdb mklabel msdos\n",
    "parted /dev/sdc mklabel msdos\n",
    "parted /dev/sdd mklabel msdos\n",
    "parted /dev/sde mklabel msdos\n",
    "parted /dev/sdf mklabel msdos\n",
    "\n",
    "#Estos comandos crean una particion primaria y le hacen un set a lvm\n",
    "parted -s /dev/sdb unit mib mkpart primary 1 100% set 1 lvm on\n",
    "parted -s /dev/sdc unit mib mkpart primary 1 100% set 1 lvm on\n",
    "parted -s /dev/sdd unit mib mkpart primary 1 100% set 1 lvm on\n",
    "parted -s /dev/sde unit mib mkpart primary 1 100% set 1 lvm on\n",
    "parted -s /dev/sdf unit mib mkpart primary 1 100% set 1 lvm on\n",
    "\n",
    "# Solo si es RHEL8\n",
    "#Este comando le dice al kernel que reconozca esto nuevo\n",
    "#udevadm settle\n",
    "\n",
    "# De lo contrario ejecute\n",
    "partprobe -s\n",
    "\n",
    "# crear un volumen de grupo\n",
    "vgcreate newvg /dev/sdb1 /dev/sdc1 /dev/sdd1\n",
    "\n",
    "lvcreate -n newlv newvg -l 100%FREE\n",
    "mkfs.ext4 /dev/newvg/newlv\n",
    "mount /dev/newvg/newlv /mnt\n",
    "\n",
    "dd if=/dev/urandom of=/mnt/5.txt bs=5M count=1024 status=progress\n",
    "dd if=/dev/urandom of=/mnt/4.txt bs=4M count=1024 status=progress\n",
    "dd if=/dev/urandom of=/mnt/1.txt bs=1M count=1024 status=progress\n",
    "\n",
    "```\n",
    "***\n",
    "\n",
    "Las ultimas tres lineas crean tres archivos de los siguientes tamaños, 5 GB, 4GB y 1 GB para un total de 10 GB.\n",
    "\n",
    "Ahora procedemos a ejecutar el script **1234**\n",
    "\n",
    "`sh 1234`\n",
    "\n",
    "y su salida es \n",
    "\n",
    "***\n",
    "```\n",
    "root@debian12lvm1:~# sh 1234\n",
    "Information: You may need to update /etc/fstab.\n",
    "\n",
    "Information: You may need to update /etc/fstab.                           \n",
    "\n",
    "Information: You may need to update /etc/fstab.                           \n",
    "\n",
    "Information: You may need to update /etc/fstab.                           \n",
    "\n",
    "Information: You may need to update /etc/fstab.                           \n",
    "\n",
    "/dev/sda: msdos partitions 1 2 <5>                                        \n",
    "/dev/sdb: msdos partitions 1\n",
    "/dev/sdc: msdos partitions 1\n",
    "/dev/sdd: msdos partitions 1\n",
    "/dev/sde: msdos partitions 1\n",
    "/dev/sdf: msdos partitions 1\n",
    "  Physical volume \"/dev/sdb1\" successfully created.\n",
    "  Physical volume \"/dev/sdc1\" successfully created.\n",
    "  Physical volume \"/dev/sdd1\" successfully created.\n",
    "  Volume group \"newvg\" successfully created\n",
    "  Logical volume \"newlv\" created.\n",
    "mke2fs 1.47.0 (5-Feb-2023)\n",
    "Creating filesystem with 3929088 4k blocks and 983040 inodes\n",
    "Filesystem UUID: 1a26ae29-8c04-4460-b203-7d5b012b3662\n",
    "Superblock backups stored on blocks: \n",
    "\t32768, 98304, 163840, 229376, 294912, 819200, 884736, 1605632, 2654208\n",
    "\n",
    "Allocating group tables: done                            \n",
    "Writing inode tables: done                            \n",
    "Creating journal (16384 blocks): done\n",
    "Writing superblocks and filesystem accounting information: done   \n",
    "\n",
    "5311037440 bytes (5.3 GB, 4.9 GiB) copied, 76 s, 69.9 MB/s\n",
    "1024+0 records in\n",
    "1024+0 records out\n",
    "5368709120 bytes (5.4 GB, 5.0 GiB) copied, 76.8541 s, 69.9 MB/s\n",
    "4236247040 bytes (4.2 GB, 3.9 GiB) copied, 61 s, 69.4 MB/s\n",
    "1024+0 records in\n",
    "1024+0 records out\n",
    "4294967296 bytes (4.3 GB, 4.0 GiB) copied, 61.8442 s, 69.4 MB/s\n",
    "1073741824 bytes (1.1 GB, 1.0 GiB) copied, 15 s, 71.5 MB/s\n",
    "1024+0 records in\n",
    "1024+0 records out\n",
    "1073741824 bytes (1.1 GB, 1.0 GiB) copied, 15.014 s, 71.5 MB/s\n",
    "\n",
    "```\n",
    "***\n",
    "\n",
    "Ahora ya tenemos nuestro espacio listo para comenzar a trabajar, y para comenzar este ejercicio vamos a ver los volumenes físicos \n",
    "\n",
    "`pvs`\n",
    "\n",
    "***\n",
    "```\n",
    "root@debian12lvm1:~# pvs\n",
    "  PV         VG    Fmt  Attr PSize  PFree\n",
    "  /dev/sdb1  newvg lvm2 a--  <5.00g    0 \n",
    "  /dev/sdc1  newvg lvm2 a--  <5.00g    0 \n",
    "  /dev/sdd1  newvg lvm2 a--  <5.00g    0\n",
    "```\n",
    "***\n",
    "\n",
    "\n",
    "Ahora agregaremos mas opciones al comando, para ver en dónde se usan los volumenes\n",
    "\n",
    "`pvs -o+pv_used`\n",
    "\n",
    "***\n",
    "```\n",
    "root@debian12lvm1:~# pvs -o+pv_used\n",
    "  PV         VG    Fmt  Attr PSize  PFree Used  \n",
    "  /dev/sdb1  newvg lvm2 a--  <5.00g    0  <5.00g\n",
    "  /dev/sdc1  newvg lvm2 a--  <5.00g    0  <5.00g\n",
    "  /dev/sdd1  newvg lvm2 a--  <5.00g    0  <5.00g\n",
    "```\n",
    "***\n",
    "\n",
    "Ahora mostramos que tan grande es el sistema de archivos, **que son 15GB**\n",
    "\n",
    "`df -h /mnt`\n",
    "\n",
    "***\n",
    "```\n",
    "root@debian12lvm1:~# df -h /mnt\n",
    "S.ficheros              Tamaño Usados  Disp Uso% Montado en\n",
    "/dev/mapper/newvg-newlv    15G    11G  3.9G  73%  /mnt\n",
    "\n",
    "```\n",
    "***\n",
    "\n",
    "Aqui esta usandose todo, no podemos sacar información a ningun lado, porque no hay espacio libre. Así que hay que extender el volumen físico\n",
    "\n",
    "`vgextend newvg /dev/sde1`\n",
    "\n",
    "***\n",
    "```\n",
    "root@debian12lvm1:~# vgextend newvg /dev/sde1\n",
    "  Physical volume \"/dev/sde1\" successfully created.\n",
    "  Volume group \"newvg\" successfully extended\n",
    "```\n",
    "***\n",
    "\n",
    "Ahora extendendemos el volúmen lógico\n",
    "\n",
    "`lvextend /dev/newvg/newlv -l +100%FREE -r`\n",
    "\n",
    "***\n",
    "```\n",
    "root@debian12lvm1:~# lvextend /dev/newvg/newlv -l +100%FREE -r\n",
    "  Size of logical volume newvg/newlv changed from <14.99 GiB (3837 extents) to 19.98 GiB (5116 extents).\n",
    "  Logical volume newvg/newlv successfully resized.\n",
    "resize2fs 1.47.0 (5-Feb-2023)\n",
    "Filesystem at /dev/mapper/newvg-newlv is mounted on /mnt; on-line resizing required\n",
    "old_desc_blocks = 2, new_desc_blocks = 3\n",
    "The filesystem on /dev/mapper/newvg-newlv is now 5238784 (4k) blocks long.\n",
    "```\n",
    "***\n",
    "\n",
    "Ahora mostramos que tan grande es el sistema de archivos, que son **20 GB**\n",
    "\n",
    "`df -h /mnt`\n",
    "\n",
    "***\n",
    "```\n",
    "root@debian12lvm1:~# df -h /mnt\n",
    "S.ficheros              Tamaño Usados  Disp Uso% Montado en\n",
    "/dev/mapper/newvg-newlv    20G    11G  8.7G  54% /mnt\n",
    "\n",
    "```\n",
    "***\n",
    "\n",
    "Ahora volvemos a ver los volumenes físicos\n",
    "\n",
    "`pvs`\n",
    "\n",
    "***\n",
    "```\n",
    "root@debian12lvm1:~# pvs\n",
    "  PV         VG    Fmt  Attr PSize  PFree\n",
    "  /dev/sdb1  newvg lvm2 a--  <5.00g    0 \n",
    "  /dev/sdc1  newvg lvm2 a--  <5.00g    0 \n",
    "  /dev/sdd1  newvg lvm2 a--  <5.00g    0 \n",
    "  /dev/sde1  newvg lvm2 a--  <5.00g    0\n",
    "```\n",
    "***\n",
    "\n",
    "Y ahora mostramos información de cuanto esta siendo usado\n",
    "\n",
    "`pvs -o+pv_used`\n",
    "\n",
    "***\n",
    "```\n",
    "root@debian12lvm1:~# pvs -o+pv_used\n",
    "  PV         VG    Fmt  Attr PSize  PFree Used  \n",
    "  /dev/sdb1  newvg lvm2 a--  <5.00g    0  <5.00g\n",
    "  /dev/sdc1  newvg lvm2 a--  <5.00g    0  <5.00g\n",
    "  /dev/sdd1  newvg lvm2 a--  <5.00g    0  <5.00g\n",
    "  /dev/sde1  newvg lvm2 a--  <5.00g    0  <5.00g\n",
    "```\n",
    "***\n",
    "\n",
    "Ahora extendemos el volumen físico agregando al volúmen de grupo a **/dev/sdf1**\n",
    "\n",
    "`vgextend newvg /dev/sdf1`\n",
    "\n",
    "***\n",
    "```\n",
    "root@debian12lvm1:~# vgextend newvg /dev/sdf1\n",
    "  Physical volume \"/dev/sdf1\" successfully created.\n",
    "  Volume group \"newvg\" successfully extended\n",
    "\n",
    "```\n",
    "***\n",
    "\n",
    "Y ahora mostramos información de cuanto esta siendo usado\n",
    "\n",
    "`pvs -o+pv_used`\n",
    "\n",
    "***\n",
    "```\n",
    "root@debian12lvm1:~# pvs -o+pv_used\n",
    "  PV         VG    Fmt  Attr PSize  PFree  Used  \n",
    "  /dev/sdb1  newvg lvm2 a--  <5.00g     0  <5.00g\n",
    "  /dev/sdc1  newvg lvm2 a--  <5.00g     0  <5.00g\n",
    "  /dev/sdd1  newvg lvm2 a--  <5.00g     0  <5.00g\n",
    "  /dev/sde1  newvg lvm2 a--  <5.00g     0  <5.00g\n",
    "  /dev/sdf1  newvg lvm2 a--  <5.00g <5.00g     0 \n",
    "```\n",
    "***\n",
    "\n",
    "Vamos a mover **/dev/sdb1**, entonces, si hay suficientes extensiones libres en los otros volúmenes físicos, en este caso en la línea **/dev/sdf1  newvg lvm2 a--  <5.00g <5.00g     0** podemos ejecutar el comando para sacar un volúmen **/dev/sdb1** de allí con el siguiente comando, esta moviendo los physical extends.\n",
    "\n",
    "`pvmove /dev/sdb1`\n",
    "\n",
    "***\n",
    "```\n",
    "root@debian12lvm1:~# pvmove /dev/sdb1\n",
    "  /dev/sdb1: Moved: 0.08%\n",
    "  /dev/sdb1: Moved: 12.74%\n",
    "  /dev/sdb1: Moved: 22.52%\n",
    "  /dev/sdb1: Moved: 31.04%\n",
    "  /dev/sdb1: Moved: 42.77%\n",
    "  /dev/sdb1: Moved: 52.54%\n",
    "  /dev/sdb1: Moved: 62.00%\n",
    "  /dev/sdb1: Moved: 70.13%\n",
    "  /dev/sdb1: Moved: 79.28%\n",
    "  /dev/sdb1: Moved: 91.48%\n",
    "  /dev/sdb1: Moved: 100.00%\n",
    "\n",
    "```\n",
    "***\n",
    "\n",
    "Una vez que termina, se vuelve a ejecutar el comando \n",
    "\n",
    "`pvs -o+pv_used`\n",
    "\n",
    "***\n",
    "```\n",
    "root@debian12lvm1:~# pvs -o+pv_used\n",
    "  PV         VG    Fmt  Attr PSize  PFree  Used  \n",
    "  /dev/sdb1  newvg lvm2 a--  <5.00g <5.00g     0 \n",
    "  /dev/sdc1  newvg lvm2 a--  <5.00g     0  <5.00g\n",
    "  /dev/sdd1  newvg lvm2 a--  <5.00g     0  <5.00g\n",
    "  /dev/sde1  newvg lvm2 a--  <5.00g     0  <5.00g\n",
    "  /dev/sdf1  newvg lvm2 a--  <5.00g     0  <5.00g\n",
    "\n",
    "```\n",
    "***\n",
    "\n",
    "Como se puede observar **/dev/sdb1** ya tiene todo libre, ya fue movido todo para el volúmen físico **/dev/sdf1** \n",
    "\n",
    "Ahora, el siguiente paso es **reducir** el volúmen de grupo\n",
    "\n",
    "`vgreduce newvg /dev/sdb1`\n",
    "\n",
    "***\n",
    "```\n",
    "root@debian12lvm1:~# vgreduce newvg /dev/sdb1\n",
    "  Removed \"/dev/sdb1\" from volume group \"newvg\"\n",
    "\n",
    "```\n",
    "***\n",
    "\n",
    "Y al ejecutar el siguiente comando para ver los volumenes físicos\n",
    "\n",
    "`pvs`\n",
    "\n",
    "***\n",
    "```\n",
    "root@debian12lvm1:~# pvs\n",
    "  PV         VG    Fmt  Attr PSize  PFree \n",
    "  /dev/sdb1        lvm2 ---  <5.00g <5.00g\n",
    "  /dev/sdc1  newvg lvm2 a--  <5.00g     0 \n",
    "  /dev/sdd1  newvg lvm2 a--  <5.00g     0 \n",
    "  /dev/sde1  newvg lvm2 a--  <5.00g     0 \n",
    "  /dev/sdf1  newvg lvm2 a--  <5.00g     0 \n",
    "```\n",
    "***\n",
    "\n",
    "Podemos ver que **/dev/sdb1** no pertenece a ningún volúmen de grupo *VG* y puede ser físicamente eliminado, es decir, se puede extraer el disco, cambiado o asignado a otros usuario, proyectos, etc.\n",
    "\n",
    "\n"
   ]
  }
 ],
 "metadata": {
  "kernelspec": {
   "display_name": "Python 3 (ipykernel)",
   "language": "python",
   "name": "python3"
  },
  "language_info": {
   "codemirror_mode": {
    "name": "ipython",
    "version": 3
   },
   "file_extension": ".py",
   "mimetype": "text/x-python",
   "name": "python",
   "nbconvert_exporter": "python",
   "pygments_lexer": "ipython3",
   "version": "3.9.7"
  }
 },
 "nbformat": 4,
 "nbformat_minor": 5
}
